// Jest Snapshot v1, https://goo.gl/fbAQLP

exports[`should render NotFoundPage  component 1`] = `
<div>
  NOT FOUND, BUT I LOVE YOU!!!!!!!!!!!
</div>
`;
